// Jest Snapshot v1, https://goo.gl/fbAQLP

exports[`<Empty /> should render component 1`] = `
.c0 {
  display: -webkit-inline-box;
  display: -webkit-inline-flex;
  display: -ms-inline-flexbox;
  display: inline-flex;
  -webkit-align-items: center;
  -webkit-box-align: center;
  -ms-flex-align: center;
  align-items: center;
  -webkit-box-pack: center;
  -webkit-justify-content: center;
  -ms-flex-pack: center;
  justify-content: center;
  background: linear-gradient(180deg,#ff5f5f 0%,#f062c0 50%);
  color: #FAFAFA;
  font-family: Poppins,-apple-system,BlinkMacSystemFont,'Segoe UI',Roboto,Oxygen,Ubuntu,Cantarell,'Open Sans','Helvetica Neue',sans-serif;
  border: 0;
  border-radius: 0.4rem;
  padding: 0.8rem;
  -webkit-text-decoration: none;
  text-decoration: none;
  height: 4rem;
  font-size: 1.4rem;
  padding: 0.8rem 3.2rem;
}

.c0:hover {
  background: linear-gradient(180deg,#e35565 0%,#d958a6 50%);
}

<div
  class=""
>
  <img
    alt="A gamer in a couch playing videogames"
    class=""
    role="image"
    src="/img/empty.svg"
  />
  <h2
    class=""
  >
    A simple title
  </h2>
  <p
    class=""
  >
    A simple description
  </p>
  <a
    class="c0"
    href="/"
  >
    <span>
      Go back to Store
    </span>
  </a>
</div>
`;
