// Jest Snapshot v1, https://goo.gl/fbAQLP

exports[`<GameDetails /> should render the heading 1`] = `
<div
  class=""
>
  <h1>
    GameDetails
  </h1>
</div>
`;
