// Jest Snapshot v1, https://goo.gl/fbAQLP

exports[`<ExploreSidebar /> should render component 1`] = `
.c1 {
  display: -webkit-box;
  display: -webkit-flex;
  display: -ms-flexbox;
  display: flex;
  -webkit-align-items: center;
  -webkit-box-align: center;
  -ms-flex-align: center;
  align-items: center;
}

.c2 {
  cursor: pointer;
  display: -webkit-box;
  display: -webkit-flex;
  display: -ms-flexbox;
  display: flex;
  -webkit-align-items: center;
  -webkit-box-align: center;
  -ms-flex-align: center;
  align-items: center;
  -webkit-box-pack: center;
  -webkit-justify-content: center;
  -ms-flex-pack: center;
  justify-content: center;
  -webkit-appearance: none;
  -moz-appearance: none;
  appearance: none;
  width: 1.8rem;
  height: 1.8rem;
  border: 0.2rem solid #2E2F42;
  border-radius: 0.2rem;
  -webkit-transition: background border 0.1s ease-in-out;
  transition: background border 0.1s ease-in-out;
  position: relative;
  outline: none;
}

.c2::before {
  content: '';
  width: 0.6rem;
  height: 0.9rem;
  border: 0.2rem solid #FAFAFA;
  border-top: 0;
  border-left: 0;
  -webkit-transform: rotate(45deg);
  -ms-transform: rotate(45deg);
  transform: rotate(45deg);
  position: absolute;
  top: 0.1rem;
  opacity: 0;
  -webkit-transition: 0.1s ease-in-out;
  transition: 0.1s ease-in-out;
}

.c2:focus {
  box-shadow: 0 0 0.5rem #F231A5;
}

.c2:checked {
  border-color: #F231A5;
  background: #F231A5;
}

.c2:checked::before {
  opacity: 1;
}

.c3 {
  cursor: pointer;
  padding-left: 0.8rem;
  color: #FAFAFA;
  line-height: 1.8rem;
}

.c0 {
  color: #FAFAFA;
  position: relative;
  margin-bottom: 3.2rem;
  font-size: 1.6rem;
}

.c0::after {
  content: '';
  position: absolute;
  left: 0;
  bottom: -1rem;
  width: 5rem;
  border-bottom: 0.5rem solid #3CD3C1;
}

.c0::after {
  width: 3rem;
}

.c7 {
  display: -webkit-inline-box;
  display: -webkit-inline-flex;
  display: -ms-inline-flexbox;
  display: inline-flex;
  -webkit-align-items: center;
  -webkit-box-align: center;
  -ms-flex-align: center;
  align-items: center;
  -webkit-box-pack: center;
  -webkit-justify-content: center;
  -ms-flex-pack: center;
  justify-content: center;
  background: linear-gradient(180deg,#ff5f5f 0%,#f062c0 50%);
  color: #FAFAFA;
  font-family: Poppins,-apple-system,BlinkMacSystemFont,'Segoe UI',Roboto,Oxygen,Ubuntu,Cantarell,'Open Sans','Helvetica Neue',sans-serif;
  border: 0;
  border-radius: 0.4rem;
  padding: 0.8rem;
  -webkit-text-decoration: none;
  text-decoration: none;
  height: 4rem;
  font-size: 1.4rem;
  padding: 0.8rem 3.2rem;
  width: 100%;
}

.c7:hover {
  background: linear-gradient(180deg,#e35565 0%,#d958a6 50%);
}

.c4 {
  display: -webkit-box;
  display: -webkit-flex;
  display: -ms-flexbox;
  display: flex;
  -webkit-align-items: center;
  -webkit-box-align: center;
  -ms-flex-align: center;
  align-items: center;
}

.c5 {
  display: -webkit-box;
  display: -webkit-flex;
  display: -ms-flexbox;
  display: flex;
  -webkit-align-items: center;
  -webkit-box-align: center;
  -ms-flex-align: center;
  align-items: center;
  -webkit-box-pack: center;
  -webkit-justify-content: center;
  -ms-flex-pack: center;
  justify-content: center;
  -webkit-appearance: none;
  -moz-appearance: none;
  appearance: none;
  width: 1.8rem;
  height: 1.8rem;
  border: 0.2rem solid #F231A5;
  border-radius: 50%;
  background: transparent;
  -webkit-transition: background 0.1s ease-in-out;
  transition: background 0.1s ease-in-out;
  outline: none;
  cursor: pointer;
}

.c5:focus {
  box-shadow: 0 0 0.5rem #F231A5;
}

.c5:before {
  content: '';
  width: 0.8rem;
  height: 0.8rem;
  border-radius: 50%;
  background: #F231A5;
  -webkit-transition: opacity 0.1s ease-in-out;
  transition: opacity 0.1s ease-in-out;
  opacity: 0;
  position: absolute;
}

.c5:checked::before {
  opacity: 1;
}

.c6 {
  padding-left: 0.8rem;
  color: #FAFAFA;
  line-height: 1;
  cursor: pointer;
}

<div
  class=""
>
  <h2
    class="c0"
    color="white"
  >
    Price
  </h2>
  <div
    class="c1"
  >
    <input
      class="c2"
      id="under-20"
      name="under-50"
      type="checkbox"
      value=""
    />
    <label
      class="c3"
      for="under-20"
    >
      Under 20 €
    </label>
  </div>
  <div
    class="c1"
  >
    <input
      class="c2"
      id="under-30"
      name="under-50"
      type="checkbox"
      value=""
    />
    <label
      class="c3"
      for="under-30"
    >
      Under 30 €
    </label>
  </div>
  <div
    class="c1"
  >
    <input
      class="c2"
      id="under-40"
      name="under-50"
      type="checkbox"
      value=""
    />
    <label
      class="c3"
      for="under-40"
    >
      Under 40 €
    </label>
  </div>
  <div
    class="c1"
  >
    <input
      class="c2"
      id="under-50"
      name="under-50"
      type="checkbox"
      value=""
    />
    <label
      class="c3"
      for="under-50"
    >
      Under 50 €
    </label>
  </div>
  <div
    class="c1"
  >
    <input
      class="c2"
      id="free"
      name="free"
      type="checkbox"
      value=""
    />
    <label
      class="c3"
      for="free"
    >
      Free
    </label>
  </div>
  <div
    class="c1"
  >
    <input
      class="c2"
      id="discounted"
      name="discounted"
      type="checkbox"
      value=""
    />
    <label
      class="c3"
      for="discounted"
    >
      Discounted
    </label>
  </div>
  <h2
    class="c0"
    color="white"
  >
    Sort by
  </h2>
  <div
    class="c4"
  >
    <input
      class="c5"
      id="high-to-low"
      name="sort-by"
      type="radio"
      value="high-to-low"
    />
    <label
      class="c6"
      for="high-to-low"
    >
      High to low
    </label>
  </div>
  <div
    class="c4"
  >
    <input
      class="c5"
      id="low-to-high"
      name="sort-by"
      type="radio"
      value="low-to-high"
    />
    <label
      class="c6"
      for="low-to-high"
    >
      Low to high
    </label>
  </div>
  <h2
    class="c0"
    color="white"
  >
    System
  </h2>
  <div
    class="c1"
  >
    <input
      class="c2"
      id="windows"
      name="windows"
      type="checkbox"
      value=""
    />
    <label
      class="c3"
      for="windows"
    >
      Windows
    </label>
  </div>
  <div
    class="c1"
  >
    <input
      class="c2"
      id="mac"
      name="mac"
      type="checkbox"
      value=""
    />
    <label
      class="c3"
      for="mac"
    >
      Mac
    </label>
  </div>
  <div
    class="c1"
  >
    <input
      class="c2"
      id="linux"
      name="linux"
      type="checkbox"
      value=""
    />
    <label
      class="c3"
      for="linux"
    >
      Linux
    </label>
  </div>
  <h2
    class="c0"
    color="white"
  >
    Genre
  </h2>
  <div
    class="c1"
  >
    <input
      class="c2"
      id="action"
      name="action"
      type="checkbox"
      value=""
    />
    <label
      class="c3"
      for="action"
    >
      Action
    </label>
  </div>
  <div
    class="c1"
  >
    <input
      class="c2"
      id="adventures"
      name="adventure"
      type="checkbox"
      value=""
    />
    <label
      class="c3"
      for="adventures"
    >
      Adventure
    </label>
  </div>
  <div
    class="c1"
  >
    <input
      class="c2"
      id="fps"
      name="fps"
      type="checkbox"
      value=""
    />
    <label
      class="c3"
      for="fps"
    >
      FPS
    </label>
  </div>
  <div
    class="c1"
  >
    <input
      class="c2"
      id="mmorpg"
      name="mmorpg"
      type="checkbox"
      value=""
    />
    <label
      class="c3"
      for="mmorpg"
    >
      MMORPG
    </label>
  </div>
  <button
    class="c7"
  >
    <span>
      Filter
    </span>
  </button>
</div>
`;
