// Jest Snapshot v1, https://goo.gl/fbAQLP

exports[`<Cart /> should render sections 1`] = `
.c0 {
  width: 100%;
  max-width: 130rem;
  margin-left: auto;
  margin-right: auto;
  padding-left: calc(3.2rem / 2);
  padding-right: calc(3.2rem / 2);
}

.c3 {
  margin: 5.6rem auto 3.2rem;
  height: 0.1rem;
  background: rgba(181,181,181,0.3);
  border: 0;
}

.c1 {
  color: #FAFAFA;
  padding-left: 0.8rem;
  border-left: 0.7rem solid #3CD3C1;
  font-size: 2.0rem;
}

.c2 {
  display: grid;
  grid-template-columns: 1fr;
  grid-gap: 4.0rem;
  margin: 4.0rem 0;
}

@media (min-width:768px) {
  .c3 {
    margin: calc(5.6rem * 2.5) auto 5.6rem;
  }
}

@media (min-width:768px) {
  .c1 {
    font-size: 2.8rem;
  }
}

@media (min-width:768px) {
  .c2 {
    grid-template-columns: 2fr 1fr;
  }
}

<div
  data-testid="Mock Base"
>
  <div
    class="c0"
  >
    <h2
      class="c1"
      color="white"
    >
      My Cart
    </h2>
    <div
      class="c2"
    >
      <div
        data-testid="Mock Cart"
      />
      <div
        data-testid="Mock PaymentOptions"
      />
    </div>
    <hr
      class="c3"
    />
  </div>
  <div
    data-testid="Mock Showcase"
  />
</div>
`;
