// Jest Snapshot v1, https://goo.gl/fbAQLP

exports[`<Logo /> should render the heading 1`] = `
<div
  class=""
>
  <h1>
    Logo
  </h1>
</div>
`;
